// Jest Snapshot v1, https://goo.gl/fbAQLP

exports[`renders correctly 1`] = `
<div
  className="App"
>
  <nav
    className="navbar navbar-expand navbar-dark bg-background-color"
    style={
      {
        "display": "flex",
        "justifyContent": "center",
      }
    }
  >
    <a
      className="navbar-brand"
      href="/"
    >
      Logo
    </a>
    <div
      className="navbar-nav"
      onKeyDown={[Function]}
    >
      <a
        className="nav-link"
        data-rr-ui-event-key="/commits"
        disabled={false}
        href="/commits"
        onClick={[Function]}
      >
        Commits
      </a>
      <a
        className="nav-link"
        data-rr-ui-event-key="/issues"
        disabled={false}
        href="/issues"
        onClick={[Function]}
      >
        Issues
      </a>
    </div>
  </nav>
  <div
    className="container"
  >
    <br />
    <br />
    <div
      className="MuiInputBase-root MuiInput-root MuiInput-underline MuiInputBase-colorPrimary css-1tcs2i1-MuiInputBase-root-MuiInput-root"
      onClick={[Function]}
    >
      <input
        className="MuiInputBase-input MuiInput-input css-1x51dt5-MuiInputBase-input-MuiInput-input"
        onAnimationStart={[Function]}
        onBlur={[Function]}
        onChange={[Function]}
        onFocus={[Function]}
        placeholder="ProjectID"
        type="number"
        value={17381}
      />
    </div>
    <br />
    <br />
    <div
      className="MuiInputBase-root MuiInput-root MuiInput-underline MuiInputBase-colorPrimary css-1tcs2i1-MuiInputBase-root-MuiInput-root"
      onClick={[Function]}
    >
      <input
        className="MuiInputBase-input MuiInput-input css-1x51dt5-MuiInputBase-input-MuiInput-input"
        onAnimationStart={[Function]}
        onBlur={[Function]}
        onChange={[Function]}
        onFocus={[Function]}
        placeholder="Project Token"
        type="text"
        value="glpat-CRs4epaLyzKdvdpGzE_3"
      />
    </div>
    <br />
    <br />
    <button
      className="MuiButtonBase-root MuiButton-root MuiButton-text MuiButton-textPrimary MuiButton-sizeMedium MuiButton-textSizeMedium css-1e6y48t-MuiButtonBase-root-MuiButton-root"
      disabled={false}
      onBlur={[Function]}
      onClick={[Function]}
      onContextMenu={[Function]}
      onDragLeave={[Function]}
      onFocus={[Function]}
      onKeyDown={[Function]}
      onKeyUp={[Function]}
      onMouseDown={[Function]}
      onMouseLeave={[Function]}
      onMouseUp={[Function]}
      onTouchEnd={[Function]}
      onTouchMove={[Function]}
      onTouchStart={[Function]}
      tabIndex={0}
      type="button"
    >
      Submit
    </button>
    <br />
    <br />
  </div>
</div>
`;
