// Jest Snapshot v1, https://goo.gl/fbAQLP

exports[`renders correctly 1`] = `
<div
  className="MuiContainer-root MuiContainer-maxWidthLg css-1oqqzyl-MuiContainer-root"
>
  <div
    className="MuiPaper-root MuiPaper-elevation MuiPaper-rounded MuiPaper-elevation1 css-pn6xia-MuiPaper-root"
  >
    <svg
      height="100%"
      viewBox="0 0 100 100"
      width="100%"
    >
      <path
        d="M 75 50 A 25 25 0 1 1 74.99999999619229 49.99956366768703"
        fill="none"
        stroke="#009600"
        strokeWidth={50}
        style={{}}
      >
        <title>
          test test
        </title>
      </path>
    </svg>
    <div
      className="MuiBox-root css-1xhj18k"
    >
      <div>
        <svg
          height="15"
          width="15"
        >
          <rect
            fill="#009600"
            height="10"
            rx="2"
            width="10"
          />
        </svg>
      </div>
      <div>
        test test
      </div>
    </div>
  </div>
</div>
`;
